#-----------------------------------------------------------
# Webtalk v2019.2 (64-bit)
# SW Build 2700185 on Thu Oct 24 18:46:05 MDT 2019
# IP Build 2699827 on Thu Oct 24 21:16:38 MDT 2019
# Start of session at: Thu Nov 21 18:29:05 2019
# Process ID: 14044
# Current directory: C:/Users/tabby/Documents/VHDL/Designs/Binary_UandD_Counter/Binary_UandD_Counter.sim/sim_1/behav/xsim
# Command line: wbtcv.exe -mode batch -source C:/Users/tabby/Documents/VHDL/Designs/Binary_UandD_Counter/Binary_UandD_Counter.sim/sim_1/behav/xsim/xsim.dir/Counter_tb_behav/webtalk/xsim_webtalk.tcl -notrace
# Log file: C:/Users/tabby/Documents/VHDL/Designs/Binary_UandD_Counter/Binary_UandD_Counter.sim/sim_1/behav/xsim/webtalk.log
# Journal file: C:/Users/tabby/Documents/VHDL/Designs/Binary_UandD_Counter/Binary_UandD_Counter.sim/sim_1/behav/xsim\webtalk.jou
#-----------------------------------------------------------
source C:/Users/tabby/Documents/VHDL/Designs/Binary_UandD_Counter/Binary_UandD_Counter.sim/sim_1/behav/xsim/xsim.dir/Counter_tb_behav/webtalk/xsim_webtalk.tcl -notrace
